// Jest Snapshot v1, https://goo.gl/fbAQLP

exports[`<LinkIconsBar/> renders correctly 1`] = `
<styled.ul>
  <li>
    <Component
      fill="#c3c3c3"
    />
  </li>
  <li>
    <Component
      fill="#c3c3c3"
    />
  </li>
  <li>
    <Component
      fill="#c3c3c3"
    />
  </li>
  <li>
    <Component
      fill="#c3c3c3"
    />
  </li>
  <li>
    <Component
      fill="#c3c3c3"
    />
  </li>
</styled.ul>
`;
