// Jest Snapshot v1, https://goo.gl/fbAQLP

exports[`<StyledLanguageSwitcher/> is styled correctly 1`] = `
.c0 {
  margin: 16px;
  padding: 0;
  text-align: center;
}

.c0 li {
  display: inline-block;
  margin: 8px;
}

.c0 li svg {
  width: 48px;
  height: 27px;
  opacity: 0.5;
  cursor: pointer;
}

.c0 li svg .active {
  opacity: 0.75;
}

.c0 li svg:hover,
.c0 li svg:active {
  opacity: 1;
}

@media (max-width:968px) {
  .c0 {
    float: right;
    margin: 8px 0;
  }

  .c0 li {
    margin: 4px 8px;
    padding: 0;
  }
}

<ul
  className="c0"
/>
`;
