exports[`<EntryBrief/> renders correctly 1`] = `
<div>
  <p>
    testText
     
  </p>
</div>
`;

exports[`<EntryBrief/> renders correctly with optional props 1`] = `
<div>
  <div
    className="entry-brief--image-container"
    style={
      Object {
        "backgroundImage": "url(/images/testImageFileName)",
      }
    } />
  <p>
    testText
     
    <Link
      replace={false}
      to="testMoreButtonLink">
      <inject-_class-with-languageStore
        name="entry__continue_reading" />
       »
    </Link>
  </p>
</div>
`;
