// Jest Snapshot v1, https://goo.gl/fbAQLP

exports[`<EntryHeader/> renders correctly 1`] = `
<div>
  <Component
    link="testTitleLink"
    title="testTitle"
  />
  <Component
    created="testCreated"
    updated="testUpdated"
  />
  <Component
    tags={
      Array [
        "tag1",
        "tag2",
        "tag3",
      ]
    }
  />
</div>
`;
